Device: cpu
Train: 850203, Val: 26294
Model params: 879,775
Epoch  1/15  loss=0.6458  val_exact_match=49.7%  (2593s)
  -> saved best checkpoint to /home/pschatzmann/Development/Arduino/libraries/TinyTTSTools/setup/neural-de/g2p_model.pt (49.7%)
Epoch  2/15  loss=0.2396  val_exact_match=57.4%  (2608s)
  -> saved best checkpoint to /home/pschatzmann/Development/Arduino/libraries/TinyTTSTools/setup/neural-de/g2p_model.pt (57.4%)
Epoch  3/15  loss=0.1921  val_exact_match=60.3%  (1911s)
  -> saved best checkpoint to /home/pschatzmann/Development/Arduino/libraries/TinyTTSTools/setup/neural-de/g2p_model.pt (60.3%)
Epoch  4/15  loss=0.1686  val_exact_match=62.8%  (1864s)
  -> saved best checkpoint to /home/pschatzmann/Development/Arduino/libraries/TinyTTSTools/setup/neural-de/g2p_model.pt (62.8%)
Epoch  5/15  loss=0.1539  val_exact_match=63.2%  (1805s)
  -> saved best checkpoint to /home/pschatzmann/Development/Arduino/libraries/TinyTTSTools/setup/neural-de/g2p_model.pt (63.2%)
Epoch  6/15  loss=0.1426  val_exact_match=65.7%  (1776s)
  -> saved best checkpoint to /home/pschatzmann/Development/Arduino/libraries/TinyTTSTools/setup/neural-de/g2p_model.pt (65.7%)
Epoch  7/15  loss=0.1344  val_exact_match=67.2%  (1823s)
  -> saved best checkpoint to /home/pschatzmann/Development/Arduino/libraries/TinyTTSTools/setup/neural-de/g2p_model.pt (67.2%)
Epoch  8/15  loss=0.1279  val_exact_match=67.8%  (1774s)
  -> saved best checkpoint to /home/pschatzmann/Development/Arduino/libraries/TinyTTSTools/setup/neural-de/g2p_model.pt (67.8%)
Epoch  9/15  loss=0.1222  val_exact_match=68.3%  (1772s)
  -> saved best checkpoint to /home/pschatzmann/Development/Arduino/libraries/TinyTTSTools/setup/neural-de/g2p_model.pt (68.3%)
Epoch 10/15  loss=0.1171  val_exact_match=69.4%  (1900s)
  -> saved best checkpoint to /home/pschatzmann/Development/Arduino/libraries/TinyTTSTools/setup/neural-de/g2p_model.pt (69.4%)
Epoch 11/15  loss=0.1127  val_exact_match=69.5%  (1805s)
  -> saved best checkpoint to /home/pschatzmann/Development/Arduino/libraries/TinyTTSTools/setup/neural-de/g2p_model.pt (69.5%)
Epoch 12/15  loss=0.1093  val_exact_match=69.8%  (1766s)
  -> saved best checkpoint to /home/pschatzmann/Development/Arduino/libraries/TinyTTSTools/setup/neural-de/g2p_model.pt (69.8%)
Epoch 13/15  loss=0.1060  val_exact_match=69.9%  (1798s)
  -> saved best checkpoint to /home/pschatzmann/Development/Arduino/libraries/TinyTTSTools/setup/neural-de/g2p_model.pt (69.9%)
Epoch 14/15  loss=0.1034  val_exact_match=71.2%  (1773s)
  -> saved best checkpoint to /home/pschatzmann/Development/Arduino/libraries/TinyTTSTools/setup/neural-de/g2p_model.pt (71.2%)
Epoch 15/15  loss=0.1007  val_exact_match=71.0%  (1836s)

Best validation exact-match: 71.2%
